#c152-expert-snapshot-v1
#layer	layer	logical_expert_bytes	buffer_name
kind	seq	mono_us	layer	expert	slot	victim	n_tokens	wave	state	logical_bytes	call_id	generation	component	work_id
CALL_BEGIN	0	229212794983	-1	0	1	-1	2	-1	-1	0	1	0	-1	0
MUTEX_WAIT_BEGIN	1	229212795063	0	-1	-1	-1	2	-1	-1	0	1	0	-1	0
MUTEX_WAIT_END	2	229212795063	0	-1	-1	-1	2	-1	-1	0	1	0	-1	0
DEMAND	3	229212795158	0	0	0	-1	2	-1	2	0	1	0	-1	0
DEMAND	4	229212795158	0	1	1	-1	2	-1	2	0	1	0	-1	0
DEMAND	5	229212795158	0	4	-1	-1	2	-1	0	0	1	0	-1	0
EVICT	6	229212795160	0	2	2	4	0	-1	2	0	1	0	-1	0
RESERVE	7	229212795165	0	4	2	-1	0	-1	-1	0	1	0	-1	0
ENQUEUE	8	229212795166	0	4	2	-1	0	-1	-1	0	1	2	-1	1
DEMAND	9	229212795167	0	5	-1	-1	2	-1	0	0	1	0	-1	0
EVICT	10	229212795167	0	3	3	5	0	-1	2	0	1	0	-1	0
RESERVE	11	229212795167	0	5	3	-1	0	-1	-1	0	1	0	-1	0
ENQUEUE	12	229212795167	0	5	3	-1	0	-1	-1	0	1	2	-1	2
WAIT_BEGIN	13	229212795167	0	-1	-1	-1	2	-1	-1	0	1	0	-1	0
DEQUEUE	14	229212795259	0	4	2	-1	0	-1	-1	0	1	2	0	1
LOAD_BEGIN	15	229212795260	0	4	2	-1	0	-1	-1	0	1	2	-1	0
LOAD_END	16	229212795260	0	4	2	-1	0	-1	-1	0	1	2	-1	0
RESIDENT_COMMIT	17	229212795260	0	4	2	-1	0	-1	2	0	1	2	0	1
DEQUEUE	18	229212795267	0	5	3	-1	0	-1	-1	0	1	2	0	2
LOAD_BEGIN	19	229212795268	0	5	3	-1	0	-1	-1	0	1	2	-1	0
LOAD_END	20	229212795268	0	5	3	-1	0	-1	-1	0	1	2	-1	0
RESIDENT_COMMIT	21	229212795268	0	5	3	-1	0	-1	2	0	1	2	0	2
WAIT_END	22	229212795272	0	-1	-1	-1	2	-1	-1	0	1	0	-1	0
REMAP_DONE	23	229212795272	0	-1	-1	-1	2	-1	-1	0	1	0	-1	0
CALL_END	24	229212795276	-1	0	1	-1	2	-1	-1	0	1	0	-1	0
#end	25	0
