#c156-expert-snapshot-v2
#layer	layer	logical_expert_bytes	buffer_name
R	1	0	29
kind	seq	mono_us	layer	expert	slot	victim	n_tokens	wave	state	logical_bytes	call_id	generation	component	work_id
CALL_BEGIN	0	258823450186	-1	0	1	-1	2	-1	-1	0	1	0	-1	0
MUTEX_WAIT_BEGIN	1	258823455037	0	-1	-1	-1	2	-1	-1	0	1	0	-1	0
MUTEX_WAIT_END	2	258823455037	0	-1	-1	-1	2	-1	-1	0	1	0	-1	0
DEMAND	3	258823455139	0	0	0	-1	2	-1	2	0	1	1	-1	0
DEMAND	4	258823455139	0	1	1	-1	2	-1	2	0	1	1	-1	0
DEMAND	5	258823455139	0	4	-1	-1	2	-1	0	0	1	0	-1	0
EVICT	6	258823455142	0	2	2	4	0	-1	2	0	1	1	-1	0
RESERVE	7	258823455146	0	4	2	-1	0	-1	1	0	1	2	-1	0
ENQUEUE	8	258823455147	0	4	2	-1	0	-1	-1	0	1	2	-1	1
DEMAND	9	258823455149	0	5	-1	-1	2	-1	0	0	1	0	-1	0
EVICT	10	258823455149	0	3	3	5	0	-1	2	0	1	1	-1	0
RESERVE	11	258823455149	0	5	3	-1	0	-1	1	0	1	2	-1	0
ENQUEUE	12	258823455149	0	5	3	-1	0	-1	-1	0	1	2	-1	2
BARRIER_SLOT	13	258823455149	0	0	0	-1	2	-1	2	0	1	1	-1	0
BARRIER_SLOT	14	258823455149	0	1	1	-1	2	-1	2	0	1	1	-1	0
BARRIER_SLOT	15	258823455150	0	4	2	-1	2	-1	1	0	1	2	-1	0
BARRIER_SLOT	16	258823455150	0	5	3	-1	2	-1	1	0	1	2	-1	0
WAIT_BEGIN	17	258823455149	0	-1	-1	-1	2	-1	-1	0	1	0	-1	0
DEQUEUE	18	258823455243	0	4	2	-1	0	-1	-1	0	1	2	0	1
LOAD_BEGIN	19	258823455244	0	4	2	-1	0	-1	-1	0	1	2	-1	1
LOAD_END	20	258823455244	0	4	2	-1	0	-1	-1	0	1	2	-1	1
RESIDENT_COMMIT	21	258823455244	0	4	2	-1	0	-1	2	0	1	2	0	1
DEQUEUE	22	258823455249	0	5	3	-1	0	-1	-1	0	1	2	0	2
LOAD_BEGIN	23	258823455249	0	5	3	-1	0	-1	-1	0	1	2	-1	2
LOAD_END	24	258823455249	0	5	3	-1	0	-1	-1	0	1	2	-1	2
RESIDENT_COMMIT	25	258823455249	0	5	3	-1	0	-1	2	0	1	2	0	2
WAIT_END	26	258823455252	0	-1	-1	-1	2	-1	-1	0	1	0	-1	0
REMAP_DONE	27	258823455252	0	-1	-1	-1	2	-1	-1	0	1	0	-1	0
CALL_END	28	258823455258	-1	0	1	-1	2	-1	-1	0	1	0	-1	0
#end	29	0
