#c156-expert-snapshot-v2
#layer	layer	logical_expert_bytes	buffer_name
R	1	0	29
kind	seq	mono_us	layer	expert	slot	victim	n_tokens	wave	state	logical_bytes	call_id	generation	component	work_id
CALL_BEGIN	0	257302612383	-1	0	1	-1	2	-1	-1	0	1	0	-1	0
MUTEX_WAIT_BEGIN	1	257302614537	0	-1	-1	-1	2	-1	-1	0	1	0	-1	0
MUTEX_WAIT_END	2	257302614537	0	-1	-1	-1	2	-1	-1	0	1	0	-1	0
DEMAND	3	257302614613	0	0	0	-1	2	-1	2	0	1	1	-1	0
DEMAND	4	257302614613	0	1	1	-1	2	-1	2	0	1	1	-1	0
DEMAND	5	257302614613	0	4	-1	-1	2	-1	0	0	1	0	-1	0
EVICT	6	257302614615	0	2	2	4	0	-1	2	0	1	1	-1	0
RESERVE	7	257302614620	0	4	2	-1	0	-1	1	0	1	2	-1	0
ENQUEUE	8	257302614621	0	4	2	-1	0	-1	-1	0	1	2	-1	1
DEMAND	9	257302614622	0	5	-1	-1	2	-1	0	0	1	0	-1	0
EVICT	10	257302614622	0	3	3	5	0	-1	2	0	1	1	-1	0
RESERVE	11	257302614622	0	5	3	-1	0	-1	1	0	1	2	-1	0
ENQUEUE	12	257302614622	0	5	3	-1	0	-1	-1	0	1	2	-1	2
BARRIER_SLOT	13	257302614622	0	0	0	-1	2	-1	2	0	1	1	-1	0
BARRIER_SLOT	14	257302614622	0	1	1	-1	2	-1	2	0	1	1	-1	0
BARRIER_SLOT	15	257302614622	0	4	2	-1	2	-1	1	0	1	2	-1	0
BARRIER_SLOT	16	257302614622	0	5	3	-1	2	-1	1	0	1	2	-1	0
WAIT_BEGIN	17	257302614622	0	-1	-1	-1	2	-1	-1	0	1	0	-1	0
DEQUEUE	18	257302614793	0	4	2	-1	0	-1	-1	0	1	2	0	1
LOAD_BEGIN	19	257302614794	0	4	2	-1	0	-1	-1	0	1	2	-1	1
LOAD_END	20	257302614794	0	4	2	-1	0	-1	-1	0	1	2	-1	1
RESIDENT_COMMIT	21	257302614795	0	4	2	-1	0	-1	2	0	1	2	0	1
DEQUEUE	22	257302614807	0	5	3	-1	0	-1	-1	0	1	2	0	2
LOAD_BEGIN	23	257302614807	0	5	3	-1	0	-1	-1	0	1	2	-1	2
LOAD_END	24	257302614807	0	5	3	-1	0	-1	-1	0	1	2	-1	2
RESIDENT_COMMIT	25	257302614807	0	5	3	-1	0	-1	2	0	1	2	0	2
WAIT_END	26	257302614810	0	-1	-1	-1	2	-1	-1	0	1	0	-1	0
REMAP_DONE	27	257302614810	0	-1	-1	-1	2	-1	-1	0	1	0	-1	0
CALL_END	28	257302614814	-1	0	1	-1	2	-1	-1	0	1	0	-1	0
#end	29	0
